// Jest Snapshot v1, https://goo.gl/fbAQLP

exports[`UsersService update should throw an error when user is not found or not updated: User not found or not updated. 1`] = `"User not found or not updated."`;
